[*] Dry-run port 2233 ...
[+] Status : pending
[+] Output : /home/nguye24/projects/sandbox/SecRemedy/tmp/hardened_configs/2233

--- UNIFIED DIFF ---
--- original/nginx.conf
+++ hardened/nginx.conf
@@ -18,7 +18,6 @@
     client_max_body_size 16M;
     include mime.types;
     default_type application/octet-stream;
-    access_log off;
     error_log /dev/null;
     ssl_session_timeout 1d;
     ssl_session_cache shared:SSL:10m;
@@ -31,5 +30,19 @@
     resolver 1.1.1.1 1.0.0.1 8.8.8.8 8.8.4.4 208.67.222.222 208.67.220.220 9.9.9.9 149.112.112.112 64.6.64.6 64.6.65.6 valid=60s;
     resolver_timeout 2s;
     include conf.d/*.conf;
-    include sites-enabled/*;
+    include sites-available/*;
+    server {
+        listen 80 default_server;
+        listen [::]:80 default_server;
+        listen 443 ssl default_server;
+        listen [::]:443 ssl default_server;
+        listen 443 quic default_server;
+        listen [::]:443 quic default_server;
+        ssl_reject_handshake on;
+        server_name _;
+        return 444;
+    }
+    server_tokens off;
+    error_page 404 /custom_404.html;
+    error_page 500 502 503 504 /custom_50x.html;
 }--- original/magento.example.com.conf
+++ hardened/magento.example.com.conf
@@ -21,6 +21,16 @@
         fastcgi_pass php_magento_example_com;
         include nginxconfig.io/php_fastcgi.conf;
     }
+    error_page 404 /custom_404.html;
+    error_page 500 502 503 504 /custom_50x.html;
+    location ^~ /.well-known/acme-challenge/ {
+        allow all;
+        default_type text/plain;
+    }
+    location ~ /\. {
+        deny all;
+        return 404;
+    }
 }
 server {
     listen 443 ssl http2;
@@ -29,7 +39,6 @@
     root /var/www/magento.example.com/public;
     ssl_certificate /etc/ssl/certs/nginx.crt;
     ssl_certificate_key /etc/ssl/private/nginx.key;
-    access_log off;
     gzip on;
     gzip_vary on;
     gzip_proxied any;
@@ -39,9 +48,23 @@
         add_header Access-Control-Allow-Origin *;
         add_header Cache-Control public;
         expires 30d;
+        add_header X-Content-Type-Options '"nosniff"' always;
+        add_header Content-Security-Policy '"default-src \'self\'; frame-ancestors \'self\'; form-action \'self\';"' always;
     }
     location / {
         deny all;
+        add_header X-Content-Type-Options '"nosniff"' always;
+        add_header Content-Security-Policy '"default-src \'self\'; frame-ancestors \'self\'; form-action \'self\';"' always;
+    }
+    error_page 404 /custom_404.html;
+    error_page 500 502 503 504 /custom_50x.html;
+    location ^~ /.well-known/acme-challenge/ {
+        allow all;
+        default_type text/plain;
+    }
+    location ~ /\. {
+        deny all;
+        return 404;
     }
 }
 server {
@@ -50,22 +73,56 @@
     server_name .magento.example.com;
     ssl_certificate /etc/ssl/certs/nginx.crt;
     ssl_certificate_key /etc/ssl/private/nginx.key;
+    error_page 404 /custom_404.html;
+    error_page 500 502 503 504 /custom_50x.html;
+    location ^~ /.well-known/acme-challenge/ {
+        allow all;
+        default_type text/plain;
+    }
+    location ~ /\. {
+        deny all;
+        return 404;
+    }
+    add_header X-Content-Type-Options '"nosniff"' always;
+    add_header Content-Security-Policy '"default-src \'self\'; frame-ancestors \'self\'; form-action \'self\';"' always;
 }
 server {
     listen 80;
-    listen 8085;
     listen [::]:80;
-    listen [::]:8085;
     server_name cdn.magento.example.com;
     location / {
+        add_header X-Content-Type-Options '"nosniff"' always;
+        add_header Content-Security-Policy '"default-src \'self\'; frame-ancestors \'self\'; form-action \'self\';"' always;
     }
+    error_page 404 /custom_404.html;
+    error_page 500 502 503 504 /custom_50x.html;
+    location ^~ /.well-known/acme-challenge/ {
+        allow all;
+        default_type text/plain;
+    }
+    location ~ /\. {
+        deny all;
+        return 404;
+    }
+    return 301 https://$host$request_uri;
 }
 server {
     listen 80;
-    listen 8085;
     listen [::]:80;
-    listen [::]:8085;
     server_name .magento.example.com;
     location / {
+        add_header X-Content-Type-Options '"nosniff"' always;
+        add_header Content-Security-Policy '"default-src \'self\'; frame-ancestors \'self\'; form-action \'self\';"' always;
     }
+    error_page 404 /custom_404.html;
+    error_page 500 502 503 504 /custom_50x.html;
+    location ^~ /.well-known/acme-challenge/ {
+        allow all;
+        default_type text/plain;
+    }
+    location ~ /\. {
+        deny all;
+        return 404;
+    }
+    return 301 https://$host$request_uri;
 }--- original/security.conf
+++ hardened/security.conf
@@ -1,7 +1,7 @@
 add_header X-XSS-Protection '1; mode=block' always;
 add_header X-Content-Type-Options nosniff always;
 add_header Referrer-Policy no-referrer-when-downgrade always;
-add_header Content-Security-Policy "default-src 'self' http: https: ws: wss: data: blob: 'unsafe-inline'; frame-ancestors 'self';" always;
+add_header Content-Security-Policy '"default-src \'self\'; frame-ancestors \'self\'; form-action \'self\';"' always;
 add_header Permissions-Policy interest-cohort=() always;
 location ~ /\.(?!well-known) {
     deny all;
--- original/general.conf
+++ hardened/general.conf
@@ -10,6 +10,8 @@
 location ~* '\.(?:svgz?|ttf|ttc|otf|eot|woff2?)$' {
     add_header Access-Control-Allow-Origin *;
     expires 7d;
+    add_header X-Content-Type-Options '"nosniff"' always;
+    add_header Content-Security-Policy '"default-src \'self\'; frame-ancestors \'self\'; form-action \'self\';"' always;
 }
 gzip on;
 gzip_vary on;
--- original/magento.conf
+++ hardened/magento.conf
@@ -22,11 +22,15 @@
         expires +1y;
         add_header Cache-Control public;
         try_files $uri $uri/ /get.php?$args;
+        add_header X-Content-Type-Options '"nosniff"' always;
+        add_header Content-Security-Policy '"default-src \'self\'; frame-ancestors \'self\'; form-action \'self\';"' always;
     }
     location ~* '\.(?:zip|gz|gzip|bz2|csv|xml)$' {
         expires off;
         add_header Cache-Control no-store;
         try_files $uri $uri/ /get.php?$args;
+        add_header X-Content-Type-Options '"nosniff"' always;
+        add_header Content-Security-Policy '"default-src \'self\'; frame-ancestors \'self\'; form-action \'self\';"' always;
     }
     location ~ ^/media/theme_customization/.*\.xml {
         deny all;
@@ -45,15 +49,18 @@
         expires +1y;
         add_header Cache-Control public;
         try_files $uri $uri/ magento_static;
+        add_header X-Content-Type-Options '"nosniff"' always;
+        add_header Content-Security-Policy '"default-src \'self\'; frame-ancestors \'self\'; form-action \'self\';"' always;
     }
     location ~* '.(zip|gz|gzip|bz2|csv|xml)$' {
         expires off;
         add_header Cache-Control no-store;
         try_files $uri $uri/ @magento_static;
+        add_header X-Content-Type-Options '"nosniff"' always;
+        add_header Content-Security-Policy '"default-src \'self\'; frame-ancestors \'self\'; form-action \'self\';"' always;
     }
 }
 location ~ cron\.php {
     allow 127.0.0.1;
-    allow 10.0.0.0/12;
     deny all;
 }--- original/php_fastcgi.conf
+++ hardened/php_fastcgi.conf
@@ -10,4 +10,5 @@
 fastcgi_param DOCUMENT_ROOT $realpath_root;
 fastcgi_param SCRIPT_FILENAME $realpath_root$fastcgi_script_name;
 fastcgi_param PATH_INFO $_fastcgi_path_info;
-fastcgi_param PHP_ADMIN_VALUE open_basedir=$base/:/usr/lib/php/:/tmp/;+fastcgi_param PHP_ADMIN_VALUE open_basedir=$base/:/usr/lib/php/:/tmp/;
+fastcgi_hide_header X-Powered-By;
