[*] Dry-run port 2245 ...
[+] Status : pending
[+] Output : /home/nguye24/projects/sandbox/SecRemedy/tmp/hardened_configs/2245

--- UNIFIED DIFF ---
--- original/nginx.conf
+++ hardened/nginx.conf
@@ -13,7 +13,7 @@
     tcp_nopush on;
     tcp_nodelay on;
     log_not_found off;
-    server_tokens on;
+    server_tokens off;
     types_hash_max_size 2048;
     types_hash_bucket_size 64;
     client_max_body_size 16M;
@@ -33,5 +33,16 @@
     resolver 8.8.8.8 8.8.4.4 [2001:4860:4860::8888] [2001:4860:4860::8844] 208.67.222.222 208.67.220.220 [2620:119:35::35] [2620:119:53::53] 9.9.9.9 149.112.112.112 [2620:fe::fe] [2620:fe::9] 64.6.64.6 64.6.65.6 [2620:74:1b::1:1] [2620:74:1c::2:2] valid=60s;
     resolver_timeout 2s;
     include conf.d/*.conf;
-    include sites-enabled/*;
+    include sites-available/*;
+    server {
+        listen 80 default_server;
+        listen [::]:80 default_server;
+        listen 443 ssl default_server;
+        listen [::]:443 ssl default_server;
+        listen 443 quic default_server;
+        listen [::]:443 quic default_server;
+        ssl_reject_handshake on;
+        server_name _;
+        return 444;
+    }
 }--- original/spa.example.com.conf
+++ hardened/spa.example.com.conf
@@ -49,12 +49,12 @@
         deny all;
         return 404;
     }
+    add_header X-Content-Type-Options '"nosniff"' always;
+    add_header Content-Security-Policy '"default-src \'self\'; frame-ancestors \'self\'; form-action \'self\';"' always;
 }
 server {
     listen 80;
-    listen 8083;
     listen [::]:80;
-    listen [::]:8083;
     server_name .spa.example.com;
     error_page 404 /custom_404.html;
     error_page 500 502 503 504 /custom_50x.html;
@@ -69,4 +69,6 @@
         deny all;
         return 404;
     }
+    add_header X-Content-Type-Options '"nosniff"' always;
+    add_header Content-Security-Policy '"default-src \'self\'; frame-ancestors \'self\'; form-action \'self\';"' always;
 }--- original/security.conf
+++ hardened/security.conf
@@ -1,13 +1,11 @@
 add_header X-XSS-Protection '1; mode=block' always;
 add_header X-Content-Type-Options nosniff always;
 add_header Referrer-Policy no-referrer-when-downgrade always;
-add_header Content-Security-Policy "default-src 'self' http: https: ws: wss: data: blob: 'unsafe-inline'; frame-ancestors 'self';" always;
+add_header Content-Security-Policy '"default-src \'self\'; frame-ancestors \'self\'; form-action \'self\';"' always;
 add_header Permissions-Policy interest-cohort=() always;
 location ~ /\.(?!well-known) {
     deny all;
 }
 location /admin_login/ {
-    allow 192.168.1.103;
-    allow 10.20.30.0/32;
     deny all;
 }--- original/general.conf
+++ hardened/general.conf
@@ -10,6 +10,8 @@
 location ~* '\.(?:svgz?|ttf|ttc|otf|eot|woff2?)$' {
     add_header Access-Control-Allow-Origin *;
     expires 7d;
+    add_header X-Content-Type-Options '"nosniff"' always;
+    add_header Content-Security-Policy '"default-src \'self\'; frame-ancestors \'self\'; form-action \'self\';"' always;
 }
 gzip on;
 gzip_vary on;
--- original/php_fastcgi.conf
+++ hardened/php_fastcgi.conf
@@ -8,4 +8,7 @@
 fastcgi_param DOCUMENT_ROOT $realpath_root;
 fastcgi_param SCRIPT_FILENAME $realpath_root$fastcgi_script_name;
 fastcgi_param PATH_INFO $_fastcgi_path_info;
-fastcgi_param PHP_ADMIN_VALUE open_basedir=$base/:/usr/lib/php/:/tmp/;+fastcgi_param PHP_ADMIN_VALUE open_basedir=$base/:/usr/lib/php/:/tmp/;
+fastcgi_hide_header X-Powered-By;
+fastcgi_param X-Forwarded-For $proxy_add_x_forwarded_for;
+fastcgi_param X-Real-IP $remote_addr;
