[*] Dry-run port 2252 ...
[+] Status : pending
[+] Output : /home/nguye24/projects/sandbox/SecRemedy/tmp/hardened_configs/2252

--- UNIFIED DIFF ---
--- original/nginx.conf
+++ hardened/nginx.conf
@@ -19,7 +19,6 @@
     server_tokens off;
     include mime.types;
     default_type application/octet-stream;
-    access_log off;
     error_log /dev/null;
     error_page 404 /custom_404.html;
     error_page 500 502 503 504 /custom_50x.html;
@@ -34,7 +33,7 @@
     resolver 8.8.8.8 8.8.4.4 [2001:4860:4860::8888] [2001:4860:4860::8844] 208.67.222.222 208.67.220.220 [2620:119:35::35] [2620:119:53::53] 9.9.9.9 149.112.112.112 [2620:fe::fe] [2620:fe::9] 64.6.64.6 64.6.65.6 [2620:74:1b::1:1] [2620:74:1c::2:2] valid=60s;
     resolver_timeout 2s;
     include conf.d/*.conf;
-    include sites-enabled/*;
+    include sites-available/*;
     server {
         listen 80 default_server;
         listen [::]:80 default_server;
--- original/spa.example.com.conf
+++ hardened/spa.example.com.conf
@@ -26,6 +26,14 @@
     }
     add_header X-Content-Type-Options nosniff always;
     add_header Content-Security-Policy "default-src 'self'; frame-ancestors 'self'; form-action 'self';" always;
+    location ^~ /.well-known/acme-challenge/ {
+        allow all;
+        default_type text/plain;
+    }
+    location ~ /\. {
+        deny all;
+        return 404;
+    }
 }
 server {
     listen 443 ssl http2;
@@ -37,6 +45,14 @@
     ssl_certificate_key /etc/ssl/private/nginx.key;
     add_header X-Content-Type-Options nosniff always;
     add_header Content-Security-Policy "default-src 'self'; frame-ancestors 'self'; form-action 'self';" always;
+    location ^~ /.well-known/acme-challenge/ {
+        allow all;
+        default_type text/plain;
+    }
+    location ~ /\. {
+        deny all;
+        return 404;
+    }
 }
 server {
     listen 80;
@@ -48,4 +64,13 @@
     }
     add_header X-Content-Type-Options nosniff always;
     add_header Content-Security-Policy "default-src 'self'; frame-ancestors 'self'; form-action 'self';" always;
+    location ^~ /.well-known/acme-challenge/ {
+        allow all;
+        default_type text/plain;
+    }
+    location ~ /\. {
+        deny all;
+        return 404;
+    }
+    return 301 https://$host$request_uri;
 }--- original/php_fastcgi.conf
+++ hardened/php_fastcgi.conf
@@ -8,4 +8,7 @@
 fastcgi_param DOCUMENT_ROOT $realpath_root;
 fastcgi_param SCRIPT_FILENAME $realpath_root$fastcgi_script_name;
 fastcgi_param PATH_INFO $_fastcgi_path_info;
-fastcgi_param PHP_ADMIN_VALUE open_basedir=$base/:/usr/lib/php/:/tmp/;+fastcgi_param PHP_ADMIN_VALUE open_basedir=$base/:/usr/lib/php/:/tmp/;
+fastcgi_hide_header X-Powered-By;
+fastcgi_param X-Forwarded-For $proxy_add_x_forwarded_for;
+fastcgi_param X-Real-IP $remote_addr;
