[*] Dry-run port 2244 ...
[+] Status : pending
[+] Output : /home/nguye24/projects/sandbox/SecRemedy/tmp/hardened_configs/2244

--- UNIFIED DIFF ---
--- original/nginx.conf
+++ hardened/nginx.conf
@@ -18,7 +18,6 @@
     client_max_body_size 16M;
     include mime.types;
     default_type application/octet-stream;
-    access_log off;
     error_log /dev/null;
     ssl_session_timeout 1d;
     ssl_session_cache shared:SSL:10m;
@@ -31,5 +30,19 @@
     resolver 1.1.1.1 1.0.0.1 [2606:4700:4700::1111] [2606:4700:4700::1001] 8.8.8.8 8.8.4.4 [2001:4860:4860::8888] [2001:4860:4860::8844] 208.67.222.222 208.67.220.220 [2620:119:35::35] [2620:119:53::53] valid=60s;
     resolver_timeout 2s;
     include conf.d/*.conf;
-    include sites-enabled/*;
+    include sites-available/*;
+    server {
+        listen 80 default_server;
+        listen [::]:80 default_server;
+        listen 443 ssl default_server;
+        listen [::]:443 ssl default_server;
+        listen 443 quic default_server;
+        listen [::]:443 quic default_server;
+        ssl_reject_handshake on;
+        server_name _;
+        return 444;
+    }
+    server_tokens off;
+    error_page 404 /custom_404.html;
+    error_page 500 502 503 504 /custom_50x.html;
 }--- original/frontend.example.com.conf
+++ hardened/frontend.example.com.conf
@@ -10,6 +10,16 @@
         try_files $uri $uri/ /index.html;
     }
     include nginxconfig.io/general.conf;
+    error_page 404 /custom_404.html;
+    error_page 500 502 503 504 /custom_50x.html;
+    location ^~ /.well-known/acme-challenge/ {
+        allow all;
+        default_type text/plain;
+    }
+    location ~ /\. {
+        deny all;
+        return 404;
+    }
 }
 server {
     listen 443 ssl http2;
@@ -18,7 +28,6 @@
     root /var/www/frontend.example.com/public;
     ssl_certificate /etc/ssl/certs/nginx.crt;
     ssl_certificate_key /etc/ssl/private/nginx.key;
-    access_log off;
     gzip on;
     gzip_vary on;
     gzip_proxied any;
@@ -36,6 +45,16 @@
     }
     add_header X-Content-Type-Options nosniff always;
     add_header Content-Security-Policy "default-src 'self'; frame-ancestors 'self'; form-action 'self';" always;
+    error_page 404 /custom_404.html;
+    error_page 500 502 503 504 /custom_50x.html;
+    location ^~ /.well-known/acme-challenge/ {
+        allow all;
+        default_type text/plain;
+    }
+    location ~ /\. {
+        deny all;
+        return 404;
+    }
 }
 server {
     listen 443 ssl http2;
@@ -45,6 +64,16 @@
     ssl_certificate_key /etc/ssl/private/nginx.key;
     add_header X-Content-Type-Options nosniff always;
     add_header Content-Security-Policy "default-src 'self'; frame-ancestors 'self'; form-action 'self';" always;
+    error_page 404 /custom_404.html;
+    error_page 500 502 503 504 /custom_50x.html;
+    location ^~ /.well-known/acme-challenge/ {
+        allow all;
+        default_type text/plain;
+    }
+    location ~ /\. {
+        deny all;
+        return 404;
+    }
 }
 server {
     listen 80;
@@ -54,15 +83,35 @@
     }
     add_header X-Content-Type-Options nosniff always;
     add_header Content-Security-Policy "default-src 'self'; frame-ancestors 'self'; form-action 'self';" always;
+    error_page 404 /custom_404.html;
+    error_page 500 502 503 504 /custom_50x.html;
+    location ^~ /.well-known/acme-challenge/ {
+        allow all;
+        default_type text/plain;
+    }
+    location ~ /\. {
+        deny all;
+        return 404;
+    }
+    return 301 https://$host$request_uri;
 }
 server {
     listen 80;
-    listen 8082;
     listen [::]:80;
-    listen [::]:8082;
     server_name .frontend.example.com;
     location / {
     }
     add_header X-Content-Type-Options nosniff always;
     add_header Content-Security-Policy "default-src 'self'; frame-ancestors 'self'; form-action 'self';" always;
+    error_page 404 /custom_404.html;
+    error_page 500 502 503 504 /custom_50x.html;
+    location ^~ /.well-known/acme-challenge/ {
+        allow all;
+        default_type text/plain;
+    }
+    location ~ /\. {
+        deny all;
+        return 404;
+    }
+    return 301 https://$host$request_uri;
 }--- original/security.conf
+++ hardened/security.conf
@@ -7,7 +7,6 @@
     deny all;
 }
 location /admin_login/ {
-    allow 192.168.1.202;
     allow 10.20.30.0/24;
     deny all;
 }
